Лог-файл
